<html>
<body>
<pre>
<h1>礦ision Build Log</h1>
<h2>Project:</h2>
D:\工作(机密)\标定\双板标定\Control_Board_V1.0\USER\Control_Board_F4.uvproj
Project File Date:  07/21/2015

<h2>Output:</h2>
Build target 'Target 1'
compiling stm32f4xx_it.c...
compiling system_stm32f4xx.c...
assembling startup_stm32f40_41xxx.s...
compiling misc.c...
compiling stm32f4xx_can.c...
compiling stm32f4xx_exti.c...
compiling stm32f4xx_gpio.c...
compiling stm32f4xx_rcc.c...
compiling stm32f4xx_syscfg.c...
compiling stm32f4xx_tim.c...
compiling stm32f4xx_usart.c...
compiling delay.c...
compiling sys.c...
compiling usart.c...
compiling beep.c...
compiling exti.c...
compiling key.c...
compiling led.c...
compiling timer.c...
compiling GUI.c...
..\GUI\GUI.h(4): error:  #5: cannot open source input file "stm32f10x.h": No such file or directory
Target not created
Build target 'Target 1'
compiling GUI.c...
..\GUI\icon.h(30): warning:  #1-D: last line of file ends without a newline
..\GUI\GUI.h(48): warning:  #1295-D: Deprecated declaration Clear_LCD - give arg types
..\GUI\GUI.h(61): warning:  #1-D: last line of file ends without a newline
..\GUI\GUI.c(31): warning:  #223-D: function "Clear_RX_BUF" declared implicitly
..\GUI\GUI.c(235): warning:  #1-D: last line of file ends without a newline
linking...
..\OBJ\Control_Board_F4.axf: Error: L6218E: Undefined symbol Clear_RX_BUF (referred from gui.o).
..\OBJ\Control_Board_F4.axf: Error: L6218E: Undefined symbol main (referred from rtentry2.o).
Target not created
Build target 'Target 1'
compiling GUI.c...
..\GUI\icon.h(30): warning:  #1-D: last line of file ends without a newline
..\GUI\GUI.h(48): warning:  #1295-D: Deprecated declaration Clear_LCD - give arg types
..\GUI\GUI.h(61): warning:  #1-D: last line of file ends without a newline
..\GUI\GUI.c(31): warning:  #223-D: function "Clear_RX_BUF" declared implicitly
..\GUI\GUI.c(235): warning:  #1-D: last line of file ends without a newline
linking...
..\OBJ\Control_Board_F4.axf: Error: L6218E: Undefined symbol Clear_RX_BUF (referred from gui.o).
..\OBJ\Control_Board_F4.axf: Error: L6218E: Undefined symbol main (referred from rtentry2.o).
Target not created
Build target 'Target 1'
compiling GUI.c...
..\GUI\icon.h(30): warning:  #1-D: last line of file ends without a newline
..\GUI\GUI.h(48): warning:  #1295-D: Deprecated declaration Clear_LCD - give arg types
..\GUI\GUI.h(61): warning:  #1-D: last line of file ends without a newline
..\GUI\GUI.c(235): warning:  #1-D: last line of file ends without a newline
linking...
..\OBJ\Control_Board_F4.axf: Error: L6218E: Undefined symbol main (referred from rtentry2.o).
Target not created
Build target 'Target 1'
compiling main.c...
main.h(5): warning:  #1-D: last line of file ends without a newline
main.c(22): warning:  #1-D: last line of file ends without a newline
linking...
Program Size: Code=9644 RO-data=424 RW-data=52 ZI-data=1836  
FromELF: creating hex file...
"..\OBJ\Control_Board_F4.axf" - 0 Error(s), 2 Warning(s).
Load "..\\OBJ\\Control_Board_F4.AXF" 
Internal DLL Error
Load "..\\OBJ\\Control_Board_F4.AXF" 
Internal DLL Error
Load "..\\OBJ\\Control_Board_F4.AXF" 
* JLink Info: Device "STM32F407ZG" selected (1024 KB flash, 128 KB RAM).
Set JLink Project File to "D:\工作(机密)\标定\双板标定\Control_Board_V1.0\USER\JLinkSettings.ini"
 
JLink info:
------------
DLL: V4.40c, compiled Jan 24 2012 09:30:33
Firmware: J-Link ARM V8 compiled Nov 14 2012 22:34:52
Hardware: V8.00
S/N : 286370559 
Feature(s) : RDI,FlashDL,FlashBP,JFlash 
 
* JLink Info: Found SWD-DP with ID 0x2BA01477
* JLink Info: TPIU fitted.
* JLink Info: ETM fitted.
* JLink Info:   FPUnit: 6 code (BP) slots and 2 literal slots
* JLink Info: Found Cortex-M4 r0p1, Little endian.
ROMTableAddr = 0xE00FF003
* JLink Info: Found SWD-DP with ID 0x2BA01477
* JLink Info: TPIU fitted.
* JLink Info: ETM fitted.
* JLink Info:   FPUnit: 6 code (BP) slots and 2 literal slots
* JLink Info: Found Cortex-M4 r0p1, Little endian.
 
Target info:
------------
Device: STM32F407ZG
VTarget = 3.254V
State of Pins: 
TCK: 0, TDI: 1, TDO: 1, TMS: 1, TRES: 1, TRST: 1
Hardware-Breakpoints: 6
Software-Breakpoints: 8192
Watchpoints:          4
JTAG speed: 4000 kHz
 
Erase Done.
Programming Done.
Verify OK.
* JLink Info: Found SWD-DP with ID 0x2BA01477
* JLink Info: TPIU fitted.
* JLink Info: ETM fitted.
* JLink Info:   FPUnit: 6 code (BP) slots and 2 literal slots
* JLink Info: Found Cortex-M4 r0p1, Little endian.
Application running ...
Build target 'Target 1'
compiling usart.c...
..\SYSTEM\src\usart.c(138): error:  #20: identifier "Check_Sum" is undefined
..\SYSTEM\src\usart.c(144): error:  #20: identifier "Check_Sum" is undefined
..\SYSTEM\src\usart.c(157): error:  #20: identifier "Check_Sum" is undefined
..\SYSTEM\src\usart.c(165): error:  #20: identifier "Check_Sum" is undefined
Target not created
Build target 'Target 1'
compiling usart.c...
linking...
Program Size: Code=9768 RO-data=424 RW-data=52 ZI-data=1836  
FromELF: creating hex file...
"..\OBJ\Control_Board_F4.axf" - 0 Error(s), 0 Warning(s).
Build target 'Target 1'
compiling main.c...
main.h(5): warning:  #1-D: last line of file ends without a newline
main.c(16): warning:  #223-D: function "EXTIX_Init" declared implicitly
main.c(19): warning:  #223-D: function "Set_COLOR" declared implicitly
main.c(19): error:  #20: identifier "BACK_COLOR" is undefined
main.c(19): error:  #20: identifier "SET_BACK" is undefined
main.c(20): error:  #20: identifier "RED" is undefined
main.c(20): error:  #20: identifier "SET_FRONT" is undefined
main.c(22): warning:  #223-D: function "Clear_LCD" declared implicitly
main.c(24): warning:  #223-D: function "Show_BMP" declared implicitly
main.c(24): error:  #20: identifier "CONNECT_BMP" is undefined
main.c(26): error:  #20: identifier "AXLE_X" is undefined
main.c(26): error:  #20: identifier "AXLE_Y" is undefined
main.c(26): error:  #20: identifier "XP_BMP" is undefined
main.c(28): error:  #20: identifier "MOTOR_X" is undefined
main.c(28): error:  #20: identifier "MOTOR1_Y" is undefined
main.c(28): error:  #20: identifier "ANGLE0" is undefined
main.c(30): error:  #20: identifier "MOTOR2_Y" is undefined
main.c(37): warning:  #1-D: last line of file ends without a newline
compiling exti.c...
..\HARDWARE\src\exti.c(35): warning:  #223-D: function "Show_BMP" declared implicitly
..\HARDWARE\src\exti.c(35): error:  #20: identifier "RESULT_BMP" is undefined
..\HARDWARE\src\exti.c(36): warning:  #223-D: function "Show_Box_Color" declared implicitly
..\HARDWARE\src\exti.c(36): error:  #20: identifier "DEVICE_B_X" is undefined
..\HARDWARE\src\exti.c(36): error:  #20: identifier "DEVICE_Y" is undefined
..\HARDWARE\src\exti.c(36): error:  #20: identifier "DEVICE_LEN" is undefined
..\HARDWARE\src\exti.c(36): error:  #20: identifier "GREEN" is undefined
..\HARDWARE\src\exti.c(46): warning:  #223-D: function "Show_BMP" declared implicitly
..\HARDWARE\src\exti.c(46): error:  #20: identifier "COOR_BMP" is undefined
..\HARDWARE\src\exti.c(47): warning:  #223-D: function "Show_ASCII_Color" declared implicitly
..\HARDWARE\src\exti.c(47): error:  #20: identifier "str" is undefined
..\HARDWARE\src\exti.c(47): error:  #20: identifier "RED" is undefined
..\HARDWARE\src\exti.c(57): warning:  #223-D: function "Show_BMP" declared implicitly
..\HARDWARE\src\exti.c(57): error:  #20: identifier "CONNECT_BMP" is undefined
..\HARDWARE\src\exti.c(58): warning:  #223-D: function "Show_HZ_Color" declared implicitly
..\HARDWARE\src\exti.c(58): error:  #20: identifier "str" is undefined
..\HARDWARE\src\exti.c(58): error:  #20: identifier "YELLOW" is undefined
compiling GUI.c...
..\GUI\icon.h(30): warning:  #1-D: last line of file ends without a newline
..\GUI\GUI.h(48): warning:  #1295-D: Deprecated declaration Clear_LCD - give arg types
..\GUI\GUI.h(61): warning:  #1-D: last line of file ends without a newline
..\GUI\GUI.c(31): warning:  #223-D: function "Clear_RX_BUF" declared implicitly
..\GUI\GUI.c(235): warning:  #1-D: last line of file ends without a newline
Target not created
Build target 'Target 1'
compiling main.c...
main.h(7): warning:  #1-D: last line of file ends without a newline
..\GUI\icon.h(30): warning:  #1-D: last line of file ends without a newline
..\GUI\GUI.h(48): warning:  #1295-D: Deprecated declaration Clear_LCD - give arg types
..\GUI\GUI.h(61): warning:  #1-D: last line of file ends without a newline
main.c(16): warning:  #223-D: function "EXTIX_Init" declared implicitly
main.c(37): warning:  #1-D: last line of file ends without a newline
compiling exti.c...
..\USER\main.h(7): warning:  #1-D: last line of file ends without a newline
..\GUI\icon.h(30): warning:  #1-D: last line of file ends without a newline
..\GUI\GUI.h(48): warning:  #1295-D: Deprecated declaration Clear_LCD - give arg types
..\GUI\GUI.h(61): warning:  #1-D: last line of file ends without a newline
..\HARDWARE\src\exti.c(48): error:  #20: identifier "str" is undefined
..\HARDWARE\src\exti.c(59): error:  #20: identifier "str" is undefined
Target not created
Build target 'Target 1'
compiling exti.c...
..\USER\main.h(7): warning:  #1-D: last line of file ends without a newline
..\GUI\icon.h(30): warning:  #1-D: last line of file ends without a newline
..\GUI\GUI.h(48): warning:  #1295-D: Deprecated declaration Clear_LCD - give arg types
..\GUI\GUI.h(61): warning:  #1-D: last line of file ends without a newline
..\HARDWARE\src\exti.c(56): warning:  #2548-D: multicharacter character literal (potential portability problem)
..\HARDWARE\src\exti.c(56): warning:  #2548-D: multicharacter character literal (potential portability problem)
linking...
Program Size: Code=11024 RO-data=428 RW-data=56 ZI-data=1832  
FromELF: creating hex file...
"..\OBJ\Control_Board_F4.axf" - 0 Error(s), 6 Warning(s).
Load "..\\OBJ\\Control_Board_F4.AXF" 
* JLink Info: Device "STM32F407ZG" selected (1024 KB flash, 128 KB RAM).
Set JLink Project File to "D:\工作(机密)\标定\双板标定\Control_Board_V1.0\USER\JLinkSettings.ini"
 
JLink info:
------------
DLL: V4.40c, compiled Jan 24 2012 09:30:33
Firmware: J-Link ARM V8 compiled Nov 14 2012 22:34:52
Hardware: V8.00
S/N : 286370559 
Feature(s) : RDI,FlashDL,FlashBP,JFlash 
 
* JLink Info: Found SWD-DP with ID 0x2BA01477
* JLink Info: TPIU fitted.
* JLink Info: ETM fitted.
* JLink Info:   FPUnit: 6 code (BP) slots and 2 literal slots
* JLink Info: Found Cortex-M4 r0p1, Little endian.
ROMTableAddr = 0xE00FF003
* JLink Info: Found SWD-DP with ID 0x2BA01477
* JLink Info: TPIU fitted.
* JLink Info: ETM fitted.
* JLink Info:   FPUnit: 6 code (BP) slots and 2 literal slots
* JLink Info: Found Cortex-M4 r0p1, Little endian.
 
Target info:
------------
Device: STM32F407ZG
VTarget = 3.254V
State of Pins: 
TCK: 0, TDI: 1, TDO: 1, TMS: 1, TRES: 1, TRST: 1
Hardware-Breakpoints: 6
Software-Breakpoints: 8192
Watchpoints:          4
JTAG speed: 4000 kHz
 
Erase Done.
Programming Done.
Verify OK.
* JLink Info: Found SWD-DP with ID 0x2BA01477
* JLink Info: TPIU fitted.
* JLink Info: ETM fitted.
* JLink Info:   FPUnit: 6 code (BP) slots and 2 literal slots
* JLink Info: Found Cortex-M4 r0p1, Little endian.
Application running ...
Build target 'Target 1'
compiling main.c...
main.h(7): warning:  #1-D: last line of file ends without a newline
..\GUI\icon.h(30): warning:  #1-D: last line of file ends without a newline
..\GUI\GUI.h(48): warning:  #1295-D: Deprecated declaration Clear_LCD - give arg types
..\GUI\GUI.h(61): warning:  #1-D: last line of file ends without a newline
main.c(16): warning:  #223-D: function "EXTIX_Init" declared implicitly
main.c(47): warning:  #1-D: last line of file ends without a newline
linking...
Program Size: Code=11068 RO-data=428 RW-data=56 ZI-data=1832  
FromELF: creating hex file...
"..\OBJ\Control_Board_F4.axf" - 0 Error(s), 6 Warning(s).
Load "..\\OBJ\\Control_Board_F4.AXF" 
* JLink Info: Device "STM32F407ZG" selected (1024 KB flash, 128 KB RAM).
Set JLink Project File to "D:\工作(机密)\标定\双板标定\Control_Board_V1.0\USER\JLinkSettings.ini"
 
JLink info:
------------
DLL: V4.40c, compiled Jan 24 2012 09:30:33
Firmware: J-Link ARM V8 compiled Nov 14 2012 22:34:52
Hardware: V8.00
S/N : 286370559 
Feature(s) : RDI,FlashDL,FlashBP,JFlash 
 
* JLink Info: Found SWD-DP with ID 0x2BA01477
* JLink Info: TPIU fitted.
* JLink Info: ETM fitted.
* JLink Info:   FPUnit: 6 code (BP) slots and 2 literal slots
* JLink Info: Found Cortex-M4 r0p1, Little endian.
ROMTableAddr = 0xE00FF003
* JLink Info: Found SWD-DP with ID 0x2BA01477
* JLink Info: TPIU fitted.
* JLink Info: ETM fitted.
* JLink Info:   FPUnit: 6 code (BP) slots and 2 literal slots
* JLink Info: Found Cortex-M4 r0p1, Little endian.
 
Target info:
------------
Device: STM32F407ZG
VTarget = 3.254V
State of Pins: 
TCK: 0, TDI: 1, TDO: 1, TMS: 1, TRES: 1, TRST: 1
Hardware-Breakpoints: 6
Software-Breakpoints: 8192
Watchpoints:          4
JTAG speed: 4000 kHz
 
Erase Done.
Programming Done.
Verify OK.
* JLink Info: Found SWD-DP with ID 0x2BA01477
* JLink Info: TPIU fitted.
* JLink Info: ETM fitted.
* JLink Info:   FPUnit: 6 code (BP) slots and 2 literal slots
* JLink Info: Found Cortex-M4 r0p1, Little endian.
Application running ...
Build target 'Target 1'
compiling exti.c...
..\USER\main.h(7): warning:  #1-D: last line of file ends without a newline
..\GUI\icon.h(30): warning:  #1-D: last line of file ends without a newline
..\GUI\GUI.h(48): warning:  #1295-D: Deprecated declaration Clear_LCD - give arg types
..\GUI\GUI.h(61): warning:  #1-D: last line of file ends without a newline
..\HARDWARE\src\exti.c(56): warning:  #2548-D: multicharacter character literal (potential portability problem)
..\HARDWARE\src\exti.c(56): warning:  #2548-D: multicharacter character literal (potential portability problem)
..\HARDWARE\src\exti.c(56): warning:  #177-D: variable "str" was declared but never referenced
linking...
Program Size: Code=11044 RO-data=428 RW-data=56 ZI-data=1832  
FromELF: creating hex file...
"..\OBJ\Control_Board_F4.axf" - 0 Error(s), 7 Warning(s).
Load "..\\OBJ\\Control_Board_F4.AXF" 
* JLink Info: Device "STM32F407ZG" selected (1024 KB flash, 128 KB RAM).
Set JLink Project File to "D:\工作(机密)\标定\双板标定\Control_Board_V1.0\USER\JLinkSettings.ini"
 
JLink info:
------------
DLL: V4.40c, compiled Jan 24 2012 09:30:33
Firmware: J-Link ARM V8 compiled Nov 14 2012 22:34:52
Hardware: V8.00
S/N : 286370559 
Feature(s) : RDI,FlashDL,FlashBP,JFlash 
 
* JLink Info: Found SWD-DP with ID 0x2BA01477
* JLink Info: TPIU fitted.
* JLink Info: ETM fitted.
* JLink Info:   FPUnit: 6 code (BP) slots and 2 literal slots
* JLink Info: Found Cortex-M4 r0p1, Little endian.
ROMTableAddr = 0xE00FF003
* JLink Info: Found SWD-DP with ID 0x2BA01477
* JLink Info: TPIU fitted.
* JLink Info: ETM fitted.
* JLink Info:   FPUnit: 6 code (BP) slots and 2 literal slots
* JLink Info: Found Cortex-M4 r0p1, Little endian.
 
Target info:
------------
Device: STM32F407ZG
VTarget = 3.254V
State of Pins: 
TCK: 0, TDI: 1, TDO: 1, TMS: 1, TRES: 1, TRST: 1
Hardware-Breakpoints: 6
Software-Breakpoints: 8192
Watchpoints:          4
JTAG speed: 4000 kHz
 
Erase Done.
Programming Done.
Verify OK.
* JLink Info: Found SWD-DP with ID 0x2BA01477
* JLink Info: TPIU fitted.
* JLink Info: ETM fitted.
* JLink Info:   FPUnit: 6 code (BP) slots and 2 literal slots
* JLink Info: Found Cortex-M4 r0p1, Little endian.
Application running ...
Build target 'Target 1'
compiling usart.c...
..\SYSTEM\src\usart.c(89): error:  #20: identifier "GPIO_Mode_AF_PP" is undefined
..\SYSTEM\src\usart.c(94): error:  #20: identifier "GPIO_Mode_IN_FLOATING" is undefined
Target not created
Build target 'Target 1'
compiling usart.c...
linking...
Program Size: Code=11052 RO-data=428 RW-data=56 ZI-data=1832  
FromELF: creating hex file...
"..\OBJ\Control_Board_F4.axf" - 0 Error(s), 0 Warning(s).
Load "..\\OBJ\\Control_Board_F4.AXF" 
* JLink Info: Device "STM32F407ZG" selected (1024 KB flash, 128 KB RAM).
Set JLink Project File to "D:\工作(机密)\标定\双板标定\Control_Board_V1.0\USER\JLinkSettings.ini"
 
JLink info:
------------
DLL: V4.40c, compiled Jan 24 2012 09:30:33
Firmware: J-Link ARM V8 compiled Nov 14 2012 22:34:52
Hardware: V8.00
S/N : 286370559 
Feature(s) : RDI,FlashDL,FlashBP,JFlash 
 
* JLink Info: Found SWD-DP with ID 0x2BA01477
* JLink Info: TPIU fitted.
* JLink Info: ETM fitted.
* JLink Info:   FPUnit: 6 code (BP) slots and 2 literal slots
* JLink Info: Found Cortex-M4 r0p1, Little endian.
ROMTableAddr = 0xE00FF003
* JLink Info: Found SWD-DP with ID 0x2BA01477
* JLink Info: TPIU fitted.
* JLink Info: ETM fitted.
* JLink Info:   FPUnit: 6 code (BP) slots and 2 literal slots
* JLink Info: Found Cortex-M4 r0p1, Little endian.
 
Target info:
------------
Device: STM32F407ZG
VTarget = 3.254V
State of Pins: 
TCK: 0, TDI: 1, TDO: 1, TMS: 1, TRES: 1, TRST: 1
Hardware-Breakpoints: 6
Software-Breakpoints: 8192
Watchpoints:          4
JTAG speed: 4000 kHz
 
Erase Done.
Programming Done.
Verify OK.
* JLink Info: Found SWD-DP with ID 0x2BA01477
* JLink Info: TPIU fitted.
* JLink Info: ETM fitted.
* JLink Info:   FPUnit: 6 code (BP) slots and 2 literal slots
* JLink Info: Found Cortex-M4 r0p1, Little endian.
Application running ...
Build target 'Target 1'
compiling main.c...
main.h(7): warning:  #1-D: last line of file ends without a newline
..\GUI\icon.h(30): warning:  #1-D: last line of file ends without a newline
..\GUI\GUI.h(48): warning:  #1295-D: Deprecated declaration Clear_LCD - give arg types
..\GUI\GUI.h(61): warning:  #1-D: last line of file ends without a newline
main.c(16): warning:  #223-D: function "EXTIX_Init" declared implicitly
main.c(36): warning:  #1-D: last line of file ends without a newline
compiling usart.c...
linking...
Program Size: Code=10992 RO-data=428 RW-data=56 ZI-data=1832  
FromELF: creating hex file...
"..\OBJ\Control_Board_F4.axf" - 0 Error(s), 6 Warning(s).
Load "..\\OBJ\\Control_Board_F4.AXF" 
* JLink Info: Device "STM32F407ZG" selected (1024 KB flash, 128 KB RAM).
Set JLink Project File to "D:\工作(机密)\标定\双板标定\Control_Board_V1.0\USER\JLinkSettings.ini"
 
JLink info:
------------
DLL: V4.40c, compiled Jan 24 2012 09:30:33
Firmware: J-Link ARM V8 compiled Nov 14 2012 22:34:52
Hardware: V8.00
S/N : 286370559 
Feature(s) : RDI,FlashDL,FlashBP,JFlash 
 
* JLink Info: Found SWD-DP with ID 0x2BA01477
* JLink Info: TPIU fitted.
* JLink Info: ETM fitted.
* JLink Info:   FPUnit: 6 code (BP) slots and 2 literal slots
* JLink Info: Found Cortex-M4 r0p1, Little endian.
ROMTableAddr = 0xE00FF003
* JLink Info: Found SWD-DP with ID 0x2BA01477
* JLink Info: TPIU fitted.
* JLink Info: ETM fitted.
* JLink Info:   FPUnit: 6 code (BP) slots and 2 literal slots
* JLink Info: Found Cortex-M4 r0p1, Little endian.
 
Target info:
------------
Device: STM32F407ZG
VTarget = 3.254V
State of Pins: 
TCK: 0, TDI: 1, TDO: 1, TMS: 1, TRES: 1, TRST: 1
Hardware-Breakpoints: 6
Software-Breakpoints: 8192
Watchpoints:          4
JTAG speed: 4000 kHz
 
Erase Done.
Programming Done.
Verify OK.
* JLink Info: Found SWD-DP with ID 0x2BA01477
* JLink Info: TPIU fitted.
* JLink Info: ETM fitted.
* JLink Info:   FPUnit: 6 code (BP) slots and 2 literal slots
* JLink Info: Found Cortex-M4 r0p1, Little endian.
Application running ...
Build target 'Target 1'
compiling main.c...
main.h(7): warning:  #1-D: last line of file ends without a newline
..\GUI\icon.h(30): warning:  #1-D: last line of file ends without a newline
..\GUI\GUI.h(48): warning:  #1295-D: Deprecated declaration Clear_LCD - give arg types
..\GUI\GUI.h(61): warning:  #1-D: last line of file ends without a newline
main.c(16): warning:  #223-D: function "EXTIX_Init" declared implicitly
main.c(37): warning:  #1-D: last line of file ends without a newline
compiling exti.c...
..\USER\main.h(7): warning:  #1-D: last line of file ends without a newline
..\GUI\icon.h(30): warning:  #1-D: last line of file ends without a newline
..\GUI\GUI.h(48): warning:  #1295-D: Deprecated declaration Clear_LCD - give arg types
..\GUI\GUI.h(61): warning:  #1-D: last line of file ends without a newline
..\HARDWARE\src\exti.c(56): warning:  #2548-D: multicharacter character literal (potential portability problem)
..\HARDWARE\src\exti.c(56): warning:  #2548-D: multicharacter character literal (potential portability problem)
linking...
Program Size: Code=11024 RO-data=428 RW-data=56 ZI-data=1832  
FromELF: creating hex file...
"..\OBJ\Control_Board_F4.axf" - 0 Error(s), 12 Warning(s).
Build target 'Target 1'
compiling exti.c...
..\USER\main.h(7): warning:  #1-D: last line of file ends without a newline
..\GUI\icon.h(30): warning:  #1-D: last line of file ends without a newline
..\GUI\GUI.h(48): warning:  #1295-D: Deprecated declaration Clear_LCD - give arg types
..\GUI\GUI.h(61): warning:  #1-D: last line of file ends without a newline
..\HARDWARE\src\exti.c(57): warning:  #2548-D: multicharacter character literal (potential portability problem)
..\HARDWARE\src\exti.c(57): warning:  #2548-D: multicharacter character literal (potential portability problem)
compiling GUI.c...
..\GUI\icon.h(30): warning:  #1-D: last line of file ends without a newline
..\GUI\GUI.h(48): warning:  #1295-D: Deprecated declaration Clear_LCD - give arg types
..\GUI\GUI.h(61): warning:  #1-D: last line of file ends without a newline
..\GUI\GUI.c(31): warning:  #223-D: function "Clear_RX_BUF" declared implicitly
..\GUI\GUI.c(239): warning:  #1-D: last line of file ends without a newline
linking...
Program Size: Code=11092 RO-data=428 RW-data=56 ZI-data=1832  
FromELF: creating hex file...
"..\OBJ\Control_Board_F4.axf" - 0 Error(s), 11 Warning(s).
Build target 'Target 1'
compiling exti.c...
..\USER\main.h(7): warning:  #1-D: last line of file ends without a newline
..\GUI\icon.h(30): warning:  #1-D: last line of file ends without a newline
..\GUI\GUI.h(48): warning:  #1295-D: Deprecated declaration Clear_LCD - give arg types
..\GUI\GUI.h(61): warning:  #1-D: last line of file ends without a newline
..\HARDWARE\src\exti.c(38): warning:  #223-D: function "Show_Rectangle_Color" declared implicitly
..\HARDWARE\src\exti.c(57): warning:  #2548-D: multicharacter character literal (potential portability problem)
..\HARDWARE\src\exti.c(57): warning:  #2548-D: multicharacter character literal (potential portability problem)
linking...
Program Size: Code=11088 RO-data=428 RW-data=56 ZI-data=1832  
FromELF: creating hex file...
"..\OBJ\Control_Board_F4.axf" - 0 Error(s), 7 Warning(s).
Load "..\\OBJ\\Control_Board_F4.AXF" 
* JLink Info: Device "STM32F407ZG" selected (1024 KB flash, 128 KB RAM).
Set JLink Project File to "D:\工作(机密)\标定\双板标定\Control_Board_V1.0\USER\JLinkSettings.ini"
 
JLink info:
------------
DLL: V4.40c, compiled Jan 24 2012 09:30:33
Firmware: J-Link ARM V8 compiled Nov 14 2012 22:34:52
Hardware: V8.00
S/N : 286370559 
Feature(s) : RDI,FlashDL,FlashBP,JFlash 
 
* JLink Info: Found SWD-DP with ID 0x2BA01477
* JLink Info: TPIU fitted.
* JLink Info: ETM fitted.
* JLink Info:   FPUnit: 6 code (BP) slots and 2 literal slots
* JLink Info: Found Cortex-M4 r0p1, Little endian.
ROMTableAddr = 0xE00FF003
* JLink Info: Found SWD-DP with ID 0x2BA01477
* JLink Info: TPIU fitted.
* JLink Info: ETM fitted.
* JLink Info:   FPUnit: 6 code (BP) slots and 2 literal slots
* JLink Info: Found Cortex-M4 r0p1, Little endian.
 
Target info:
------------
Device: STM32F407ZG
VTarget = 3.254V
State of Pins: 
TCK: 0, TDI: 1, TDO: 1, TMS: 1, TRES: 1, TRST: 1
Hardware-Breakpoints: 6
Software-Breakpoints: 8192
Watchpoints:          4
JTAG speed: 4000 kHz
 
Erase Done.
Programming Done.
Verify OK.
* JLink Info: Found SWD-DP with ID 0x2BA01477
* JLink Info: TPIU fitted.
* JLink Info: ETM fitted.
* JLink Info:   FPUnit: 6 code (BP) slots and 2 literal slots
* JLink Info: Found Cortex-M4 r0p1, Little endian.
Application running ...
Build target 'Target 1'
compiling exti.c...
..\USER\main.h(7): warning:  #1-D: last line of file ends without a newline
..\GUI\icon.h(30): warning:  #1-D: last line of file ends without a newline
..\GUI\GUI.h(48): warning:  #1295-D: Deprecated declaration Clear_LCD - give arg types
..\GUI\GUI.h(61): warning:  #1-D: last line of file ends without a newline
..\HARDWARE\src\exti.c(38): warning:  #223-D: function "Show_Rectangle_Color" declared implicitly
..\HARDWARE\src\exti.c(57): warning:  #2548-D: multicharacter character literal (potential portability problem)
..\HARDWARE\src\exti.c(57): warning:  #2548-D: multicharacter character literal (potential portability problem)
linking...
Program Size: Code=11084 RO-data=428 RW-data=56 ZI-data=1832  
FromELF: creating hex file...
"..\OBJ\Control_Board_F4.axf" - 0 Error(s), 7 Warning(s).
Load "..\\OBJ\\Control_Board_F4.AXF" 
* JLink Info: Device "STM32F407ZG" selected (1024 KB flash, 128 KB RAM).
Set JLink Project File to "D:\工作(机密)\标定\双板标定\Control_Board_V1.0\USER\JLinkSettings.ini"
 
JLink info:
------------
DLL: V4.40c, compiled Jan 24 2012 09:30:33
Firmware: J-Link ARM V8 compiled Nov 14 2012 22:34:52
Hardware: V8.00
S/N : 286370559 
Feature(s) : RDI,FlashDL,FlashBP,JFlash 
 
* JLink Info: Found SWD-DP with ID 0x2BA01477
* JLink Info: TPIU fitted.
* JLink Info: ETM fitted.
* JLink Info:   FPUnit: 6 code (BP) slots and 2 literal slots
* JLink Info: Found Cortex-M4 r0p1, Little endian.
ROMTableAddr = 0xE00FF003
* JLink Info: Found SWD-DP with ID 0x2BA01477
* JLink Info: TPIU fitted.
* JLink Info: ETM fitted.
* JLink Info:   FPUnit: 6 code (BP) slots and 2 literal slots
* JLink Info: Found Cortex-M4 r0p1, Little endian.
 
Target info:
------------
Device: STM32F407ZG
VTarget = 3.254V
State of Pins: 
TCK: 0, TDI: 1, TDO: 1, TMS: 1, TRES: 1, TRST: 1
Hardware-Breakpoints: 6
Software-Breakpoints: 8192
Watchpoints:          4
JTAG speed: 4000 kHz
 
Erase Done.
Programming Done.
Verify OK.
* JLink Info: Found SWD-DP with ID 0x2BA01477
* JLink Info: TPIU fitted.
* JLink Info: ETM fitted.
* JLink Info:   FPUnit: 6 code (BP) slots and 2 literal slots
* JLink Info: Found Cortex-M4 r0p1, Little endian.
Application running ...
Build target 'Target 1'
compiling exti.c...
..\USER\main.h(7): warning:  #1-D: last line of file ends without a newline
..\GUI\icon.h(30): warning:  #1-D: last line of file ends without a newline
..\GUI\GUI.h(48): warning:  #1295-D: Deprecated declaration Clear_LCD - give arg types
..\GUI\GUI.h(61): warning:  #1-D: last line of file ends without a newline
..\HARDWARE\src\exti.c(38): warning:  #223-D: function "Show_Rectangle_Color" declared implicitly
..\HARDWARE\src\exti.c(57): warning:  #2548-D: multicharacter character literal (potential portability problem)
..\HARDWARE\src\exti.c(57): warning:  #2548-D: multicharacter character literal (potential portability problem)
compiling GUI.c...
..\GUI\icon.h(30): warning:  #1-D: last line of file ends without a newline
..\GUI\GUI.h(48): warning:  #1295-D: Deprecated declaration Clear_LCD - give arg types
..\GUI\GUI.h(61): warning:  #1-D: last line of file ends without a newline
..\GUI\GUI.c(31): warning:  #223-D: function "Clear_RX_BUF" declared implicitly
..\GUI\GUI.c(239): warning:  #1-D: last line of file ends without a newline
linking...
Program Size: Code=11088 RO-data=428 RW-data=56 ZI-data=1832  
FromELF: creating hex file...
"..\OBJ\Control_Board_F4.axf" - 0 Error(s), 12 Warning(s).
Load "..\\OBJ\\Control_Board_F4.AXF" 
* JLink Info: Device "STM32F407ZG" selected (1024 KB flash, 128 KB RAM).
Set JLink Project File to "D:\工作(机密)\标定\双板标定\Control_Board_V1.0\USER\JLinkSettings.ini"
 
JLink info:
------------
DLL: V4.40c, compiled Jan 24 2012 09:30:33
Firmware: J-Link ARM V8 compiled Nov 14 2012 22:34:52
Hardware: V8.00
S/N : 286370559 
Feature(s) : RDI,FlashDL,FlashBP,JFlash 
 
* JLink Info: Found SWD-DP with ID 0x2BA01477
* JLink Info: TPIU fitted.
* JLink Info: ETM fitted.
* JLink Info:   FPUnit: 6 code (BP) slots and 2 literal slots
* JLink Info: Found Cortex-M4 r0p1, Little endian.
ROMTableAddr = 0xE00FF003
* JLink Info: Found SWD-DP with ID 0x2BA01477
* JLink Info: TPIU fitted.
* JLink Info: ETM fitted.
* JLink Info:   FPUnit: 6 code (BP) slots and 2 literal slots
* JLink Info: Found Cortex-M4 r0p1, Little endian.
 
Target info:
------------
Device: STM32F407ZG
VTarget = 3.254V
State of Pins: 
TCK: 0, TDI: 1, TDO: 1, TMS: 1, TRES: 1, TRST: 1
Hardware-Breakpoints: 6
Software-Breakpoints: 8192
Watchpoints:          4
JTAG speed: 4000 kHz
 
Erase Done.
Programming Done.
Verify OK.
* JLink Info: Found SWD-DP with ID 0x2BA01477
* JLink Info: TPIU fitted.
* JLink Info: ETM fitted.
* JLink Info:   FPUnit: 6 code (BP) slots and 2 literal slots
* JLink Info: Found Cortex-M4 r0p1, Little endian.
Application running ...
Build target 'Target 1'
compiling GUI.c...
..\GUI\icon.h(30): warning:  #1-D: last line of file ends without a newline
..\GUI\GUI.h(48): warning:  #1295-D: Deprecated declaration Clear_LCD - give arg types
..\GUI\GUI.h(61): warning:  #1-D: last line of file ends without a newline
..\GUI\GUI.c(31): warning:  #223-D: function "Clear_RX_BUF" declared implicitly
..\GUI\GUI.c(240): warning:  #1-D: last line of file ends without a newline
linking...
Program Size: Code=11092 RO-data=428 RW-data=56 ZI-data=1832  
FromELF: creating hex file...
"..\OBJ\Control_Board_F4.axf" - 0 Error(s), 5 Warning(s).
Load "..\\OBJ\\Control_Board_F4.AXF" 
* JLink Info: Device "STM32F407ZG" selected (1024 KB flash, 128 KB RAM).
Set JLink Project File to "D:\工作(机密)\标定\双板标定\Control_Board_V1.0\USER\JLinkSettings.ini"
 
JLink info:
------------
DLL: V4.40c, compiled Jan 24 2012 09:30:33
Firmware: J-Link ARM V8 compiled Nov 14 2012 22:34:52
Hardware: V8.00
S/N : 286370559 
Feature(s) : RDI,FlashDL,FlashBP,JFlash 
 
* JLink Info: Found SWD-DP with ID 0x2BA01477
* JLink Info: TPIU fitted.
* JLink Info: ETM fitted.
* JLink Info:   FPUnit: 6 code (BP) slots and 2 literal slots
* JLink Info: Found Cortex-M4 r0p1, Little endian.
ROMTableAddr = 0xE00FF003
* JLink Info: Found SWD-DP with ID 0x2BA01477
* JLink Info: TPIU fitted.
* JLink Info: ETM fitted.
* JLink Info:   FPUnit: 6 code (BP) slots and 2 literal slots
* JLink Info: Found Cortex-M4 r0p1, Little endian.
 
Target info:
------------
Device: STM32F407ZG
VTarget = 3.254V
State of Pins: 
TCK: 0, TDI: 1, TDO: 1, TMS: 1, TRES: 1, TRST: 1
Hardware-Breakpoints: 6
Software-Breakpoints: 8192
Watchpoints:          4
JTAG speed: 4000 kHz
 
Erase Done.
Programming Done.
Verify OK.
* JLink Info: Found SWD-DP with ID 0x2BA01477
* JLink Info: TPIU fitted.
* JLink Info: ETM fitted.
* JLink Info:   FPUnit: 6 code (BP) slots and 2 literal slots
* JLink Info: Found Cortex-M4 r0p1, Little endian.
Application running ...
Build target 'Target 1'
compiling GUI.c...
..\GUI\icon.h(30): warning:  #1-D: last line of file ends without a newline
..\GUI\GUI.h(48): warning:  #1295-D: Deprecated declaration Clear_LCD - give arg types
..\GUI\GUI.h(61): warning:  #1-D: last line of file ends without a newline
..\GUI\GUI.c(31): warning:  #223-D: function "Clear_RX_BUF" declared implicitly
..\GUI\GUI.c(240): warning:  #1-D: last line of file ends without a newline
linking...
Program Size: Code=11080 RO-data=428 RW-data=56 ZI-data=1832  
FromELF: creating hex file...
"..\OBJ\Control_Board_F4.axf" - 0 Error(s), 5 Warning(s).
Load "..\\OBJ\\Control_Board_F4.AXF" 
* JLink Info: Device "STM32F407ZG" selected (1024 KB flash, 128 KB RAM).
Set JLink Project File to "D:\工作(机密)\标定\双板标定\Control_Board_V1.0\USER\JLinkSettings.ini"
 
JLink info:
------------
DLL: V4.40c, compiled Jan 24 2012 09:30:33
Firmware: J-Link ARM V8 compiled Nov 14 2012 22:34:52
Hardware: V8.00
S/N : 286370559 
Feature(s) : RDI,FlashDL,FlashBP,JFlash 
 
* JLink Info: Found SWD-DP with ID 0x2BA01477
* JLink Info: TPIU fitted.
* JLink Info: ETM fitted.
* JLink Info:   FPUnit: 6 code (BP) slots and 2 literal slots
* JLink Info: Found Cortex-M4 r0p1, Little endian.
ROMTableAddr = 0xE00FF003
* JLink Info: Found SWD-DP with ID 0x2BA01477
* JLink Info: TPIU fitted.
* JLink Info: ETM fitted.
* JLink Info:   FPUnit: 6 code (BP) slots and 2 literal slots
* JLink Info: Found Cortex-M4 r0p1, Little endian.
 
Target info:
------------
Device: STM32F407ZG
VTarget = 3.254V
State of Pins: 
TCK: 0, TDI: 1, TDO: 1, TMS: 1, TRES: 1, TRST: 1
Hardware-Breakpoints: 6
Software-Breakpoints: 8192
Watchpoints:          4
JTAG speed: 4000 kHz
 
Erase Done.
Programming Done.
Verify OK.
* JLink Info: Found SWD-DP with ID 0x2BA01477
* JLink Info: TPIU fitted.
* JLink Info: ETM fitted.
* JLink Info:   FPUnit: 6 code (BP) slots and 2 literal slots
* JLink Info: Found Cortex-M4 r0p1, Little endian.
Application running ...
Build target 'Target 1'
compiling exti.c...
..\USER\main.h(7): warning:  #1-D: last line of file ends without a newline
..\GUI\icon.h(30): warning:  #1-D: last line of file ends without a newline
..\GUI\GUI.h(48): warning:  #1295-D: Deprecated declaration Clear_LCD - give arg types
..\GUI\GUI.h(61): warning:  #1-D: last line of file ends without a newline
..\HARDWARE\src\exti.c(38): warning:  #223-D: function "Show_Rectangle_Color" declared implicitly
..\HARDWARE\src\exti.c(57): warning:  #2548-D: multicharacter character literal (potential portability problem)
..\HARDWARE\src\exti.c(57): warning:  #2548-D: multicharacter character literal (potential portability problem)
compiling GUI.c...
..\GUI\icon.h(30): warning:  #1-D: last line of file ends without a newline
..\GUI\GUI.h(48): warning:  #1295-D: Deprecated declaration Clear_LCD - give arg types
..\GUI\GUI.h(61): warning:  #1-D: last line of file ends without a newline
..\GUI\GUI.c(31): warning:  #223-D: function "Clear_RX_BUF" declared implicitly
..\GUI\GUI.c(240): warning:  #1-D: last line of file ends without a newline
linking...
Program Size: Code=11088 RO-data=428 RW-data=56 ZI-data=1832  
FromELF: creating hex file...
"..\OBJ\Control_Board_F4.axf" - 0 Error(s), 12 Warning(s).
Load "..\\OBJ\\Control_Board_F4.AXF" 
* JLink Info: Device "STM32F407ZG" selected (1024 KB flash, 128 KB RAM).
Set JLink Project File to "D:\工作(机密)\标定\双板标定\Control_Board_V1.0\USER\JLinkSettings.ini"
 
JLink info:
------------
DLL: V4.40c, compiled Jan 24 2012 09:30:33
Firmware: J-Link ARM V8 compiled Nov 14 2012 22:34:52
Hardware: V8.00
S/N : 286370559 
Feature(s) : RDI,FlashDL,FlashBP,JFlash 
 
* JLink Info: Found SWD-DP with ID 0x2BA01477
* JLink Info: TPIU fitted.
* JLink Info: ETM fitted.
* JLink Info:   FPUnit: 6 code (BP) slots and 2 literal slots
* JLink Info: Found Cortex-M4 r0p1, Little endian.
ROMTableAddr = 0xE00FF003
* JLink Info: Found SWD-DP with ID 0x2BA01477
* JLink Info: TPIU fitted.
* JLink Info: ETM fitted.
* JLink Info:   FPUnit: 6 code (BP) slots and 2 literal slots
* JLink Info: Found Cortex-M4 r0p1, Little endian.
 
Target info:
------------
Device: STM32F407ZG
VTarget = 3.254V
State of Pins: 
TCK: 0, TDI: 1, TDO: 1, TMS: 1, TRES: 1, TRST: 1
Hardware-Breakpoints: 6
Software-Breakpoints: 8192
Watchpoints:          4
JTAG speed: 4000 kHz
 
Erase Done.
Programming Done.
Verify OK.
* JLink Info: Found SWD-DP with ID 0x2BA01477
* JLink Info: TPIU fitted.
* JLink Info: ETM fitted.
* JLink Info:   FPUnit: 6 code (BP) slots and 2 literal slots
* JLink Info: Found Cortex-M4 r0p1, Little endian.
Application running ...
Build target 'Target 1'
compiling main.c...
main.h(7): warning:  #1-D: last line of file ends without a newline
..\GUI\icon.h(30): warning:  #1-D: last line of file ends without a newline
..\GUI\GUI.h(48): warning:  #1295-D: Deprecated declaration Clear_LCD - give arg types
..\GUI\GUI.h(61): warning:  #1-D: last line of file ends without a newline
main.c(16): warning:  #223-D: function "EXTIX_Init" declared implicitly
main.c(37): warning:  #1-D: last line of file ends without a newline
compiling exti.c...
..\USER\main.h(7): warning:  #1-D: last line of file ends without a newline
..\GUI\icon.h(30): warning:  #1-D: last line of file ends without a newline
..\GUI\GUI.h(48): warning:  #1295-D: Deprecated declaration Clear_LCD - give arg types
..\GUI\GUI.h(61): warning:  #1-D: last line of file ends without a newline
..\HARDWARE\src\exti.c(38): warning:  #223-D: function "Show_Rectangle_Color" declared implicitly
..\HARDWARE\src\exti.c(57): warning:  #2548-D: multicharacter character literal (potential portability problem)
..\HARDWARE\src\exti.c(57): warning:  #2548-D: multicharacter character literal (potential portability problem)
compiling GUI.c...
..\GUI\icon.h(30): warning:  #1-D: last line of file ends without a newline
..\GUI\GUI.h(48): warning:  #1295-D: Deprecated declaration Clear_LCD - give arg types
..\GUI\GUI.h(61): warning:  #1-D: last line of file ends without a newline
..\GUI\GUI.c(31): warning:  #223-D: function "Clear_RX_BUF" declared implicitly
..\GUI\GUI.c(194): error:  #147-D: declaration is incompatible with "void Draw_Box(u16, u16, u16, u16, u8)" (declared at line 52 of "..\GUI\GUI.h")
..\GUI\GUI.c(239): warning:  #1-D: last line of file ends without a newline
Target not created
Build target 'Target 1'
compiling main.c...
main.h(7): warning:  #1-D: last line of file ends without a newline
..\GUI\icon.h(30): warning:  #1-D: last line of file ends without a newline
..\GUI\GUI.h(48): warning:  #1295-D: Deprecated declaration Clear_LCD - give arg types
..\GUI\GUI.h(61): warning:  #1-D: last line of file ends without a newline
main.c(16): warning:  #223-D: function "EXTIX_Init" declared implicitly
main.c(37): warning:  #1-D: last line of file ends without a newline
compiling exti.c...
..\USER\main.h(7): warning:  #1-D: last line of file ends without a newline
..\GUI\icon.h(30): warning:  #1-D: last line of file ends without a newline
..\GUI\GUI.h(48): warning:  #1295-D: Deprecated declaration Clear_LCD - give arg types
..\GUI\GUI.h(61): warning:  #1-D: last line of file ends without a newline
..\HARDWARE\src\exti.c(38): warning:  #223-D: function "Show_Rectangle_Color" declared implicitly
..\HARDWARE\src\exti.c(57): warning:  #2548-D: multicharacter character literal (potential portability problem)
..\HARDWARE\src\exti.c(57): warning:  #2548-D: multicharacter character literal (potential portability problem)
compiling GUI.c...
..\GUI\icon.h(30): warning:  #1-D: last line of file ends without a newline
..\GUI\GUI.h(48): warning:  #1295-D: Deprecated declaration Clear_LCD - give arg types
..\GUI\GUI.h(61): warning:  #1-D: last line of file ends without a newline
..\GUI\GUI.c(31): warning:  #223-D: function "Clear_RX_BUF" declared implicitly
..\GUI\GUI.c(238): warning:  #1-D: last line of file ends without a newline
linking...
Program Size: Code=11048 RO-data=428 RW-data=56 ZI-data=1832  
FromELF: creating hex file...
"..\OBJ\Control_Board_F4.axf" - 0 Error(s), 18 Warning(s).
Build target 'Target 1'
compiling main.c...
main.h(7): warning:  #1-D: last line of file ends without a newline
..\GUI\icon.h(30): warning:  #1-D: last line of file ends without a newline
..\GUI\GUI.h(48): warning:  #1295-D: Deprecated declaration Clear_LCD - give arg types
..\GUI\GUI.h(59): error:  #130: expected a "{"
..\GUI\GUI.h(62): warning:  #1-D: last line of file ends without a newline
main.c(11): warning:  #12-D: parsing restarts here after previous syntax error
main.c(16): warning:  #223-D: function "EXTIX_Init" declared implicitly
main.c(37): warning:  #1-D: last line of file ends without a newline
compiling exti.c...
..\USER\main.h(7): warning:  #1-D: last line of file ends without a newline
..\GUI\icon.h(30): warning:  #1-D: last line of file ends without a newline
..\GUI\GUI.h(48): warning:  #1295-D: Deprecated declaration Clear_LCD - give arg types
..\GUI\GUI.h(59): error:  #130: expected a "{"
..\GUI\GUI.h(62): warning:  #1-D: last line of file ends without a newline
..\HARDWARE\src\exti.c(22): warning:  #12-D: parsing restarts here after previous syntax error
..\HARDWARE\src\exti.c(38): warning:  #223-D: function "Show_Rectangle_Color" declared implicitly
..\HARDWARE\src\exti.c(50): warning:  #223-D: function "Show_ASCII_Color" declared implicitly
..\HARDWARE\src\exti.c(57): warning:  #2548-D: multicharacter character literal (potential portability problem)
..\HARDWARE\src\exti.c(57): warning:  #2548-D: multicharacter character literal (potential portability problem)
..\HARDWARE\src\exti.c(62): warning:  #223-D: function "Show_HZ_Color" declared implicitly
compiling GUI.c...
..\GUI\icon.h(30): warning:  #1-D: last line of file ends without a newline
..\GUI\GUI.h(48): warning:  #1295-D: Deprecated declaration Clear_LCD - give arg types
..\GUI\GUI.h(59): error:  #130: expected a "{"
..\GUI\GUI.h(62): warning:  #1-D: last line of file ends without a newline
..\GUI\GUI.c(14): warning:  #12-D: parsing restarts here after previous syntax error
..\GUI\GUI.c(18): error:  #20: identifier "data" is undefined
..\GUI\GUI.c(20): error:  #20: identifier "length" is undefined
..\GUI\GUI.c(22): error:  #20: identifier "USARTx" is undefined
..\GUI\GUI.c(26): error:  #20: identifier "USARTx" is undefined
..\GUI\GUI.c(28): warning:  #223-D: function "delay_ms" declared implicitly
..\GUI\GUI.c(31): warning:  #223-D: function "Clear_RX_BUF" declared implicitly
..\GUI\GUI.c(218): error:  #247: function "Draw_Button" has already been defined
..\GUI\GUI.c(262): warning:  #223-D: function "delay_ms" declared implicitly
..\GUI\GUI.c(264): warning:  #1-D: last line of file ends without a newline
Target not created
Build target 'Target 1'
compiling main.c...
main.h(7): warning:  #1-D: last line of file ends without a newline
..\GUI\icon.h(30): warning:  #1-D: last line of file ends without a newline
..\GUI\GUI.h(48): warning:  #1295-D: Deprecated declaration Clear_LCD - give arg types
..\GUI\GUI.h(62): warning:  #1-D: last line of file ends without a newline
main.c(16): warning:  #223-D: function "EXTIX_Init" declared implicitly
main.c(37): warning:  #1-D: last line of file ends without a newline
compiling exti.c...
..\USER\main.h(7): warning:  #1-D: last line of file ends without a newline
..\GUI\icon.h(30): warning:  #1-D: last line of file ends without a newline
..\GUI\GUI.h(48): warning:  #1295-D: Deprecated declaration Clear_LCD - give arg types
..\GUI\GUI.h(62): warning:  #1-D: last line of file ends without a newline
..\HARDWARE\src\exti.c(38): warning:  #223-D: function "Show_Rectangle_Color" declared implicitly
..\HARDWARE\src\exti.c(57): warning:  #2548-D: multicharacter character literal (potential portability problem)
..\HARDWARE\src\exti.c(57): warning:  #2548-D: multicharacter character literal (potential portability problem)
compiling GUI.c...
..\GUI\icon.h(30): warning:  #1-D: last line of file ends without a newline
..\GUI\GUI.h(48): warning:  #1295-D: Deprecated declaration Clear_LCD - give arg types
..\GUI\GUI.h(62): warning:  #1-D: last line of file ends without a newline
..\GUI\GUI.c(31): warning:  #223-D: function "Clear_RX_BUF" declared implicitly
..\GUI\GUI.c(264): warning:  #1-D: last line of file ends without a newline
linking...
Program Size: Code=11160 RO-data=428 RW-data=56 ZI-data=1832  
FromELF: creating hex file...
"..\OBJ\Control_Board_F4.axf" - 0 Error(s), 18 Warning(s).
Load "..\\OBJ\\Control_Board_F4.AXF" 
* JLink Info: Device "STM32F407ZG" selected (1024 KB flash, 128 KB RAM).
Set JLink Project File to "D:\工作(机密)\标定\双板标定\Control_Board_V1.0\USER\JLinkSettings.ini"
 
JLink info:
------------
DLL: V4.40c, compiled Jan 24 2012 09:30:33
Firmware: J-Link ARM V8 compiled Nov 14 2012 22:34:52
Hardware: V8.00
S/N : 286370559 
Feature(s) : RDI,FlashDL,FlashBP,JFlash 
 
* JLink Info: Found SWD-DP with ID 0x2BA01477
* JLink Info: TPIU fitted.
* JLink Info: ETM fitted.
* JLink Info:   FPUnit: 6 code (BP) slots and 2 literal slots
* JLink Info: Found Cortex-M4 r0p1, Little endian.
ROMTableAddr = 0xE00FF003
* JLink Info: Found SWD-DP with ID 0x2BA01477
* JLink Info: TPIU fitted.
* JLink Info: ETM fitted.
* JLink Info:   FPUnit: 6 code (BP) slots and 2 literal slots
* JLink Info: Found Cortex-M4 r0p1, Little endian.
 
Target info:
------------
Device: STM32F407ZG
VTarget = 3.254V
State of Pins: 
TCK: 0, TDI: 1, TDO: 1, TMS: 1, TRES: 1, TRST: 1
Hardware-Breakpoints: 6
Software-Breakpoints: 8192
Watchpoints:          4
JTAG speed: 4000 kHz
 
Erase Done.
Programming Done.
Verify OK.
* JLink Info: Found SWD-DP with ID 0x2BA01477
* JLink Info: TPIU fitted.
* JLink Info: ETM fitted.
* JLink Info:   FPUnit: 6 code (BP) slots and 2 literal slots
* JLink Info: Found Cortex-M4 r0p1, Little endian.
Application running ...
Build target 'Target 1'
compiling exti.c...
..\USER\main.h(7): warning:  #1-D: last line of file ends without a newline
..\GUI\icon.h(30): warning:  #1-D: last line of file ends without a newline
..\GUI\GUI.h(48): warning:  #1295-D: Deprecated declaration Clear_LCD - give arg types
..\GUI\GUI.h(62): warning:  #1-D: last line of file ends without a newline
..\HARDWARE\src\exti.c(38): warning:  #223-D: function "Show_Rectangle_Color" declared implicitly
..\HARDWARE\src\exti.c(57): warning:  #2548-D: multicharacter character literal (potential portability problem)
..\HARDWARE\src\exti.c(57): warning:  #2548-D: multicharacter character literal (potential portability problem)
linking...
Program Size: Code=11164 RO-data=428 RW-data=56 ZI-data=1832  
FromELF: creating hex file...
"..\OBJ\Control_Board_F4.axf" - 0 Error(s), 7 Warning(s).
Build target 'Target 1'
compiling exti.c...
..\USER\main.h(7): warning:  #1-D: last line of file ends without a newline
..\GUI\icon.h(30): warning:  #1-D: last line of file ends without a newline
..\GUI\GUI.h(48): warning:  #1295-D: Deprecated declaration Clear_LCD - give arg types
..\GUI\GUI.h(62): warning:  #1-D: last line of file ends without a newline
..\HARDWARE\src\exti.c(38): warning:  #223-D: function "Show_Rectangle_Color" declared implicitly
..\HARDWARE\src\exti.c(57): warning:  #2548-D: multicharacter character literal (potential portability problem)
..\HARDWARE\src\exti.c(57): warning:  #2548-D: multicharacter character literal (potential portability problem)
linking...
Program Size: Code=11164 RO-data=428 RW-data=56 ZI-data=1832  
FromELF: creating hex file...
"..\OBJ\Control_Board_F4.axf" - 0 Error(s), 7 Warning(s).
Load "..\\OBJ\\Control_Board_F4.AXF" 
* JLink Info: Device "STM32F407ZG" selected (1024 KB flash, 128 KB RAM).
Set JLink Project File to "D:\工作(机密)\标定\双板标定\Control_Board_V1.0\USER\JLinkSettings.ini"
 
JLink info:
------------
DLL: V4.40c, compiled Jan 24 2012 09:30:33
Firmware: J-Link ARM V8 compiled Nov 14 2012 22:34:52
Hardware: V8.00
S/N : 286370559 
Feature(s) : RDI,FlashDL,FlashBP,JFlash 
 
* JLink Info: Found SWD-DP with ID 0x2BA01477
* JLink Info: TPIU fitted.
* JLink Info: ETM fitted.
* JLink Info:   FPUnit: 6 code (BP) slots and 2 literal slots
* JLink Info: Found Cortex-M4 r0p1, Little endian.
ROMTableAddr = 0xE00FF003
* JLink Info: Found SWD-DP with ID 0x2BA01477
* JLink Info: TPIU fitted.
* JLink Info: ETM fitted.
* JLink Info:   FPUnit: 6 code (BP) slots and 2 literal slots
* JLink Info: Found Cortex-M4 r0p1, Little endian.
 
Target info:
------------
Device: STM32F407ZG
VTarget = 3.254V
State of Pins: 
TCK: 0, TDI: 1, TDO: 1, TMS: 1, TRES: 1, TRST: 1
Hardware-Breakpoints: 6
Software-Breakpoints: 8192
Watchpoints:          4
JTAG speed: 4000 kHz
 
Erase Done.
Programming Done.
Verify OK.
* JLink Info: Found SWD-DP with ID 0x2BA01477
* JLink Info: TPIU fitted.
* JLink Info: ETM fitted.
* JLink Info:   FPUnit: 6 code (BP) slots and 2 literal slots
* JLink Info: Found Cortex-M4 r0p1, Little endian.
Application running ...
Build target 'Target 1'
compiling exti.c...
..\USER\main.h(7): warning:  #1-D: last line of file ends without a newline
..\GUI\icon.h(30): warning:  #1-D: last line of file ends without a newline
..\GUI\GUI.h(48): warning:  #1295-D: Deprecated declaration Clear_LCD - give arg types
..\GUI\GUI.h(62): warning:  #1-D: last line of file ends without a newline
..\HARDWARE\src\exti.c(38): warning:  #223-D: function "Show_Rectangle_Color" declared implicitly
..\HARDWARE\src\exti.c(57): warning:  #2548-D: multicharacter character literal (potential portability problem)
..\HARDWARE\src\exti.c(57): warning:  #2548-D: multicharacter character literal (potential portability problem)
linking...
Program Size: Code=11164 RO-data=428 RW-data=56 ZI-data=1832  
FromELF: creating hex file...
"..\OBJ\Control_Board_F4.axf" - 0 Error(s), 7 Warning(s).
Load "..\\OBJ\\Control_Board_F4.AXF" 
* JLink Info: Device "STM32F407ZG" selected (1024 KB flash, 128 KB RAM).
Set JLink Project File to "D:\工作(机密)\标定\双板标定\Control_Board_V1.0\USER\JLinkSettings.ini"
 
JLink info:
------------
DLL: V4.40c, compiled Jan 24 2012 09:30:33
Firmware: J-Link ARM V8 compiled Nov 14 2012 22:34:52
Hardware: V8.00
S/N : 286370559 
Feature(s) : RDI,FlashDL,FlashBP,JFlash 
 
* JLink Info: Found SWD-DP with ID 0x2BA01477
* JLink Info: TPIU fitted.
* JLink Info: ETM fitted.
* JLink Info:   FPUnit: 6 code (BP) slots and 2 literal slots
* JLink Info: Found Cortex-M4 r0p1, Little endian.
ROMTableAddr = 0xE00FF003
* JLink Info: Found SWD-DP with ID 0x2BA01477
* JLink Info: TPIU fitted.
* JLink Info: ETM fitted.
* JLink Info:   FPUnit: 6 code (BP) slots and 2 literal slots
* JLink Info: Found Cortex-M4 r0p1, Little endian.
 
Target info:
------------
Device: STM32F407ZG
VTarget = 3.254V
State of Pins: 
TCK: 0, TDI: 1, TDO: 1, TMS: 1, TRES: 1, TRST: 1
Hardware-Breakpoints: 6
Software-Breakpoints: 8192
Watchpoints:          4
JTAG speed: 4000 kHz
 
Erase Done.
Programming Done.
Verify OK.
* JLink Info: Found SWD-DP with ID 0x2BA01477
* JLink Info: TPIU fitted.
* JLink Info: ETM fitted.
* JLink Info:   FPUnit: 6 code (BP) slots and 2 literal slots
* JLink Info: Found Cortex-M4 r0p1, Little endian.
Application running ...
Build target 'Target 1'
compiling exti.c...
..\USER\main.h(7): warning:  #1-D: last line of file ends without a newline
..\GUI\icon.h(30): warning:  #1-D: last line of file ends without a newline
..\GUI\GUI.h(48): warning:  #1295-D: Deprecated declaration Clear_LCD - give arg types
..\GUI\GUI.h(62): warning:  #1-D: last line of file ends without a newline
..\HARDWARE\src\exti.c(38): warning:  #223-D: function "Show_Rectangle_Color" declared implicitly
..\HARDWARE\src\exti.c(57): warning:  #2548-D: multicharacter character literal (potential portability problem)
..\HARDWARE\src\exti.c(57): warning:  #2548-D: multicharacter character literal (potential portability problem)
linking...
Program Size: Code=11164 RO-data=428 RW-data=56 ZI-data=1832  
FromELF: creating hex file...
"..\OBJ\Control_Board_F4.axf" - 0 Error(s), 7 Warning(s).
Load "..\\OBJ\\Control_Board_F4.AXF" 
* JLink Info: Device "STM32F407ZG" selected (1024 KB flash, 128 KB RAM).
Set JLink Project File to "D:\工作(机密)\标定\双板标定\Control_Board_V1.0\USER\JLinkSettings.ini"
 
JLink info:
------------
DLL: V4.40c, compiled Jan 24 2012 09:30:33
Firmware: J-Link ARM V8 compiled Nov 14 2012 22:34:52
Hardware: V8.00
S/N : 286370559 
Feature(s) : RDI,FlashDL,FlashBP,JFlash 
 
* JLink Info: Found SWD-DP with ID 0x2BA01477
* JLink Info: TPIU fitted.
* JLink Info: ETM fitted.
* JLink Info:   FPUnit: 6 code (BP) slots and 2 literal slots
* JLink Info: Found Cortex-M4 r0p1, Little endian.
ROMTableAddr = 0xE00FF003
* JLink Info: Found SWD-DP with ID 0x2BA01477
* JLink Info: TPIU fitted.
* JLink Info: ETM fitted.
* JLink Info:   FPUnit: 6 code (BP) slots and 2 literal slots
* JLink Info: Found Cortex-M4 r0p1, Little endian.
 
Target info:
------------
Device: STM32F407ZG
VTarget = 3.254V
State of Pins: 
TCK: 0, TDI: 1, TDO: 1, TMS: 1, TRES: 1, TRST: 1
Hardware-Breakpoints: 6
Software-Breakpoints: 8192
Watchpoints:          4
JTAG speed: 4000 kHz
 
Erase Done.
Programming Done.
Verify OK.
* JLink Info: Found SWD-DP with ID 0x2BA01477
* JLink Info: TPIU fitted.
* JLink Info: ETM fitted.
* JLink Info:   FPUnit: 6 code (BP) slots and 2 literal slots
* JLink Info: Found Cortex-M4 r0p1, Little endian.
Application running ...
Build target 'Target 1'
compiling main.c...
main.h(7): warning:  #1-D: last line of file ends without a newline
..\GUI\icon.h(30): warning:  #1-D: last line of file ends without a newline
..\GUI\GUI.h(48): warning:  #1295-D: Deprecated declaration Clear_LCD - give arg types
..\GUI\GUI.h(62): warning:  #1-D: last line of file ends without a newline
main.c(16): warning:  #223-D: function "EXTIX_Init" declared implicitly
main.c(37): warning:  #1-D: last line of file ends without a newline
compiling exti.c...
..\USER\main.h(7): warning:  #1-D: last line of file ends without a newline
..\GUI\icon.h(30): warning:  #1-D: last line of file ends without a newline
..\GUI\GUI.h(48): warning:  #1295-D: Deprecated declaration Clear_LCD - give arg types
..\GUI\GUI.h(62): warning:  #1-D: last line of file ends without a newline
..\HARDWARE\src\exti.c(23): warning:  #2548-D: multicharacter character literal (potential portability problem)
..\HARDWARE\src\exti.c(23): warning:  #2548-D: multicharacter character literal (potential portability problem)
..\HARDWARE\src\exti.c(59): warning:  #2548-D: multicharacter character literal (potential portability problem)
..\HARDWARE\src\exti.c(59): warning:  #2548-D: multicharacter character literal (potential portability problem)
compiling GUI.c...
..\GUI\icon.h(30): warning:  #1-D: last line of file ends without a newline
..\GUI\GUI.h(48): warning:  #1295-D: Deprecated declaration Clear_LCD - give arg types
..\GUI\GUI.h(62): warning:  #1-D: last line of file ends without a newline
..\GUI\GUI.c(31): warning:  #223-D: function "Clear_RX_BUF" declared implicitly
linking...
Program Size: Code=11132 RO-data=432 RW-data=56 ZI-data=1832  
FromELF: creating hex file...
"..\OBJ\Control_Board_F4.axf" - 0 Error(s), 18 Warning(s).
Load "..\\OBJ\\Control_Board_F4.AXF" 
* JLink Info: Device "STM32F407ZG" selected (1024 KB flash, 128 KB RAM).
Set JLink Project File to "D:\工作(机密)\标定\双板标定\Control_Board_V1.0\USER\JLinkSettings.ini"
 
JLink info:
------------
DLL: V4.40c, compiled Jan 24 2012 09:30:33
Firmware: J-Link ARM V8 compiled Nov 14 2012 22:34:52
Hardware: V8.00
S/N : 286370559 
Feature(s) : RDI,FlashDL,FlashBP,JFlash 
 
* JLink Info: Found SWD-DP with ID 0x2BA01477
* JLink Info: TPIU fitted.
* JLink Info: ETM fitted.
* JLink Info:   FPUnit: 6 code (BP) slots and 2 literal slots
* JLink Info: Found Cortex-M4 r0p1, Little endian.
ROMTableAddr = 0xE00FF003
* JLink Info: Found SWD-DP with ID 0x2BA01477
* JLink Info: TPIU fitted.
* JLink Info: ETM fitted.
* JLink Info:   FPUnit: 6 code (BP) slots and 2 literal slots
* JLink Info: Found Cortex-M4 r0p1, Little endian.
 
Target info:
------------
Device: STM32F407ZG
VTarget = 3.254V
State of Pins: 
TCK: 0, TDI: 1, TDO: 1, TMS: 1, TRES: 1, TRST: 1
Hardware-Breakpoints: 6
Software-Breakpoints: 8192
Watchpoints:          4
JTAG speed: 4000 kHz
 
Erase Done.
Programming Done.
Verify OK.
* JLink Info: Found SWD-DP with ID 0x2BA01477
* JLink Info: TPIU fitted.
* JLink Info: ETM fitted.
* JLink Info:   FPUnit: 6 code (BP) slots and 2 literal slots
* JLink Info: Found Cortex-M4 r0p1, Little endian.
Application running ...
Build target 'Target 1'
compiling exti.c...
..\USER\main.h(7): warning:  #1-D: last line of file ends without a newline
..\GUI\icon.h(30): warning:  #1-D: last line of file ends without a newline
..\GUI\GUI.h(48): warning:  #1295-D: Deprecated declaration Clear_LCD - give arg types
..\GUI\GUI.h(62): warning:  #1-D: last line of file ends without a newline
..\HARDWARE\src\exti.c(23): warning:  #2548-D: multicharacter character literal (potential portability problem)
..\HARDWARE\src\exti.c(23): warning:  #2548-D: multicharacter character literal (potential portability problem)
..\HARDWARE\src\exti.c(59): warning:  #2548-D: multicharacter character literal (potential portability problem)
..\HARDWARE\src\exti.c(59): warning:  #2548-D: multicharacter character literal (potential portability problem)
linking...
Program Size: Code=11132 RO-data=432 RW-data=56 ZI-data=1832  
FromELF: creating hex file...
"..\OBJ\Control_Board_F4.axf" - 0 Error(s), 8 Warning(s).
Load "..\\OBJ\\Control_Board_F4.AXF" 
* JLink Info: Device "STM32F407ZG" selected (1024 KB flash, 128 KB RAM).
Set JLink Project File to "D:\工作(机密)\标定\双板标定\Control_Board_V1.0\USER\JLinkSettings.ini"
 
JLink info:
------------
DLL: V4.40c, compiled Jan 24 2012 09:30:33
Firmware: J-Link ARM V8 compiled Nov 14 2012 22:34:52
Hardware: V8.00
S/N : 286370559 
Feature(s) : RDI,FlashDL,FlashBP,JFlash 
 
* JLink Info: Found SWD-DP with ID 0x2BA01477
* JLink Info: TPIU fitted.
* JLink Info: ETM fitted.
* JLink Info:   FPUnit: 6 code (BP) slots and 2 literal slots
* JLink Info: Found Cortex-M4 r0p1, Little endian.
ROMTableAddr = 0xE00FF003
* JLink Info: Found SWD-DP with ID 0x2BA01477
* JLink Info: TPIU fitted.
* JLink Info: ETM fitted.
* JLink Info:   FPUnit: 6 code (BP) slots and 2 literal slots
* JLink Info: Found Cortex-M4 r0p1, Little endian.
 
Target info:
------------
Device: STM32F407ZG
VTarget = 3.254V
State of Pins: 
TCK: 0, TDI: 1, TDO: 1, TMS: 1, TRES: 1, TRST: 1
Hardware-Breakpoints: 6
Software-Breakpoints: 8192
Watchpoints:          4
JTAG speed: 4000 kHz
 
Erase Done.
Programming Done.
Verify OK.
* JLink Info: Found SWD-DP with ID 0x2BA01477
* JLink Info: TPIU fitted.
* JLink Info: ETM fitted.
* JLink Info:   FPUnit: 6 code (BP) slots and 2 literal slots
* JLink Info: Found Cortex-M4 r0p1, Little endian.
Application running ...
Build target 'Target 1'
compiling exti.c...
..\USER\main.h(7): warning:  #1-D: last line of file ends without a newline
..\GUI\icon.h(30): warning:  #1-D: last line of file ends without a newline
..\GUI\GUI.h(48): warning:  #1295-D: Deprecated declaration Clear_LCD - give arg types
..\GUI\GUI.h(62): warning:  #1-D: last line of file ends without a newline
..\HARDWARE\src\exti.c(23): warning:  #2548-D: multicharacter character literal (potential portability problem)
..\HARDWARE\src\exti.c(23): warning:  #2548-D: multicharacter character literal (potential portability problem)
..\HARDWARE\src\exti.c(59): warning:  #2548-D: multicharacter character literal (potential portability problem)
..\HARDWARE\src\exti.c(59): warning:  #2548-D: multicharacter character literal (potential portability problem)
compiling GUI.c...
..\GUI\icon.h(30): warning:  #1-D: last line of file ends without a newline
..\GUI\GUI.h(48): warning:  #1295-D: Deprecated declaration Clear_LCD - give arg types
..\GUI\GUI.h(62): warning:  #1-D: last line of file ends without a newline
..\GUI\GUI.c(31): warning:  #223-D: function "Clear_RX_BUF" declared implicitly
linking...
Program Size: Code=11140 RO-data=432 RW-data=56 ZI-data=1832  
FromELF: creating hex file...
"..\OBJ\Control_Board_F4.axf" - 0 Error(s), 12 Warning(s).
Load "..\\OBJ\\Control_Board_F4.AXF" 
* JLink Info: Device "STM32F407ZG" selected (1024 KB flash, 128 KB RAM).
Set JLink Project File to "D:\工作(机密)\标定\双板标定\Control_Board_V1.0\USER\JLinkSettings.ini"
 
JLink info:
------------
DLL: V4.40c, compiled Jan 24 2012 09:30:33
Firmware: J-Link ARM V8 compiled Nov 14 2012 22:34:52
Hardware: V8.00
S/N : 286370559 
Feature(s) : RDI,FlashDL,FlashBP,JFlash 
 
* JLink Info: Found SWD-DP with ID 0x2BA01477
* JLink Info: TPIU fitted.
* JLink Info: ETM fitted.
* JLink Info:   FPUnit: 6 code (BP) slots and 2 literal slots
* JLink Info: Found Cortex-M4 r0p1, Little endian.
ROMTableAddr = 0xE00FF003
* JLink Info: Found SWD-DP with ID 0x2BA01477
* JLink Info: TPIU fitted.
* JLink Info: ETM fitted.
* JLink Info:   FPUnit: 6 code (BP) slots and 2 literal slots
* JLink Info: Found Cortex-M4 r0p1, Little endian.
 
Target info:
------------
Device: STM32F407ZG
VTarget = 3.254V
State of Pins: 
TCK: 0, TDI: 1, TDO: 1, TMS: 1, TRES: 1, TRST: 1
Hardware-Breakpoints: 6
Software-Breakpoints: 8192
Watchpoints:          4
JTAG speed: 4000 kHz
 
Erase Done.
Programming Done.
Verify OK.
* JLink Info: Found SWD-DP with ID 0x2BA01477
* JLink Info: TPIU fitted.
* JLink Info: ETM fitted.
* JLink Info:   FPUnit: 6 code (BP) slots and 2 literal slots
* JLink Info: Found Cortex-M4 r0p1, Little endian.
Application running ...
